../Core/Src/main.c:200:20:sin_lut_hesapla	32	static
../Core/Src/main.c:207:20:get_sin_cos_fast	32	static
../Core/Src/main.c:221:10:ADC_Read_Regular_Channel	48	static
../Core/Src/main.c:239:6:Align_Motor	16	static
../Core/Src/main.c:281:5:main	8	static
../Core/Src/main.c:359:6:SystemClock_Config	160	static
../Core/Src/main.c:409:13:MX_ADC1_Init	88	static
../Core/Src/main.c:531:13:MX_DAC1_Init	24	static
../Core/Src/main.c:578:13:MX_TIM1_Init	96	static
../Core/Src/main.c:666:13:MX_TIM3_Init	40	static
../Core/Src/main.c:710:13:MX_GPIO_Init	40	static
../Core/Src/main.c:740:6:HAL_ADCEx_InjectedConvCpltCallback	96	static
../Core/Src/main.c:949:6:HAL_TIM_IC_CaptureCallback	32	static
../Core/Src/main.c:1008:6:Error_Handler	4	static,ignoring_inline_asm
