../Core/Src/main.c:230:20:sin_lut_hesapla	2
../Core/Src/main.c:237:20:get_sin_cos_fast	3
../Core/Src/main.c:251:10:ADC_Read_Regular_Channel	1
../Core/Src/main.c:276:5:main	23
../Core/Src/main.c:457:6:SystemClock_Config	4
../Core/Src/main.c:507:13:MX_ADC1_Init	7
../Core/Src/main.c:605:13:MX_DAC1_Init	4
../Core/Src/main.c:652:13:MX_TIM1_Init	9
../Core/Src/main.c:740:13:MX_TIM3_Init	3
../Core/Src/main.c:784:13:MX_GPIO_Init	1
../Core/Src/main.c:803:6:HAL_ADCEx_InjectedConvCpltCallback	44
../Core/Src/main.c:1065:6:HAL_TIM_IC_CaptureCallback	47
../Core/Src/main.c:1156:6:Error_Handler	1
