../Core/Src/main.c:154:9:map	1
../Core/Src/main.c:161:6:clarke_park	1
../Core/Src/main.c:172:6:inv_clarke_park	1
../Core/Src/main.c:185:20:get_sin_cos_fast	2
../Core/Src/main.c:198:10:ADC_Read_Regular_Channel	1
../Core/Src/main.c:215:23:clampf	3
../Core/Src/main.c:226:5:main	1
../Core/Src/main.c:294:6:SystemClock_Config	4
../Core/Src/main.c:344:13:MX_ADC1_Init	9
../Core/Src/main.c:466:13:MX_TIM1_Init	9
../Core/Src/main.c:554:13:MX_TIM3_Init	3
../Core/Src/main.c:598:13:MX_GPIO_Init	1
../Core/Src/main.c:628:6:HAL_ADCEx_InjectedConvCpltCallback	11
../Core/Src/main.c:711:6:HAL_TIM_IC_CaptureCallback	10
../Core/Src/main.c:755:6:Error_Handler	1
