../Core/Src/main.c:142:9:map	40	static
../Core/Src/main.c:149:6:clarke_park	40	static
../Core/Src/main.c:160:6:inv_clarke_park	48	static
../Core/Src/main.c:173:6:get_sin_cos_fast	32	static
../Core/Src/main.c:189:10:ADC_Read_Regular_Channel	48	static
../Core/Src/main.c:211:5:main	8	static
../Core/Src/main.c:279:6:SystemClock_Config	160	static
../Core/Src/main.c:329:13:MX_ADC1_Init	88	static
../Core/Src/main.c:451:13:MX_TIM1_Init	96	static
../Core/Src/main.c:539:13:MX_TIM3_Init	40	static
../Core/Src/main.c:583:13:MX_GPIO_Init	40	static
../Core/Src/main.c:613:6:HAL_ADCEx_InjectedConvCpltCallback	64	static
../Core/Src/main.c:695:6:HAL_TIM_IC_CaptureCallback	24	static
../Core/Src/main.c:730:6:Error_Handler	4	static,ignoring_inline_asm
