../Core/Src/stm32f3xx_hal_msp.c:65:6:HAL_MspInit	8	static
../Core/Src/stm32f3xx_hal_msp.c:88:6:HAL_ADC_MspInit	40	static
../Core/Src/stm32f3xx_hal_msp.c:136:6:HAL_ADC_MspDeInit	8	static
../Core/Src/stm32f3xx_hal_msp.c:173:6:HAL_TIM_PWM_MspInit	16	static
../Core/Src/stm32f3xx_hal_msp.c:199:6:HAL_TIMEx_HallSensor_MspInit	40	static
../Core/Src/stm32f3xx_hal_msp.c:234:6:HAL_TIM_MspPostInit	56	static
../Core/Src/stm32f3xx_hal_msp.c:286:6:HAL_TIM_PWM_MspDeInit	8	static
../Core/Src/stm32f3xx_hal_msp.c:311:6:HAL_TIMEx_HallSensor_MspDeInit	8	static
